// Bun Snapshot v1, https://goo.gl/fbAQLP

exports[`simple_static 1`] = `"<img src="https://i.imgur.com/MK3eW3Am.jpg" alt="Katherine Johnson">"`;

exports[`simple_props 1`] = `"<div>hi 11!</div>"`;

exports[`nested_static 1`] = `
"<section>
      <h1>Amazing scientists</h1>
      <img src="https://i.imgur.com/MK3eW3Am.jpg" alt="Katherine Johnson">
      <img src="https://i.imgur.com/MK3eW3Am.jpg" alt="Katherine Johnson">
      <img src="https://i.imgur.com/MK3eW3Am.jpg" alt="Katherine Johnson">
    </section>"
`;

exports[`nested_props 1`] = `"<h1 className="foo">Hello bar. <div>hi 4</div></h1>"`;
